[17:32:30] [main/INFO] (Entrypoint) JVM Uptime at startup: 9275ms
[17:32:30] [main/INFO] (FMLLoader) Starting FancyModLoader version 10.0.14 (CLIENT in DEV)
[17:32:30] [main/INFO] (FMLLoader) Game directory: D:\FNAF-Jumpscare\neoforge\run
[17:32:30] [main/INFO] (EarlyServiceDiscovery) Found 0 early service jars (out of 0) in 2ms
[17:32:30] [main/INFO] (ImmediateWindowHandler) Loading ImmediateWindowProvider fmlearlywindow
[17:32:31] [ForkJoinPool.commonPool-worker-2/INFO] (GameLocator) Detected a joined NeoForge and Minecraft configuration. Applying filtering...
[17:32:31] [ForkJoinPool.commonPool-worker-2/INFO] (ModDiscoverer) Found mod file "client-extra.jar" [locator: game locator]
[17:32:31] [ForkJoinPool.commonPool-worker-2/INFO] (ModDiscoverer) Found mod file "neoforge-21.9.16-beta-minecraft-merged-1.21.9-loom.mappings.1_21_9.layered+hash.40359-v2-neoforge-21.9.16-beta.jar" [locator: game locator]
[17:32:31] [ForkJoinPool.commonPool-worker-2/INFO] (InDevFolderLocator) Got mod coordinates main%%D:\FNAF-Jumpscare\neoforge\build\resources\main;main%%D:\FNAF-Jumpscare\neoforge\build\classes\java\main;main%%D:\FNAF-Jumpscare\neoforge\out\production\classes;main%%D:\FNAF-Jumpscare\neoforge\out\production\resources from env
[17:32:31] [ForkJoinPool.commonPool-worker-2/INFO] (ModDiscoverer) Found mod file "main" [locator: indevfolder, reader: mod manifest]
[17:32:31] [ForkJoinPool.commonPool-worker-2/INFO] (ModDiscoverer) Found mod file "3236993668634809581.jar" [locator: indevjar, reader: mod manifest]
[17:32:31] [ForkJoinPool.commonPool-worker-2/INFO] (ModDiscoverer) Found gamelibrary file "mixinextras-neoforge-0.5.0.jar" [locator: indevjar, reader: mod manifest]
[17:32:31] [fml-loadingscreen/INFO] (LoadingScreenRenderer) GL info: AMD Radeon(TM) Graphics GL version 3.3.0 Core Profile Context 23.19.21.13.250623, ATI Technologies Inc.
[17:32:31] [ForkJoinPool.commonPool-worker-2/WARN] (JarSelector) Attempted to select a dependency jar for JarJar which was passed in as source: library:mixinextras.neoforge. Using Jar[C:\Users\leevo\.gradle\caches\modules-2\files-2.1\io.github.llamalad7\mixinextras-neoforge\0.5.0\d734b83ce6542bb70ea31755c1595b88992dbe65\mixinextras-neoforge-0.5.0.jar]
[17:32:31] [ForkJoinPool.commonPool-worker-2/INFO] (JarInJarDependencyLocator) Found 1 dependencies adding them to mods collection
[17:32:31] [ForkJoinPool.commonPool-worker-2/INFO] (ModDiscoverer) Found library file "net.neoforged.neoforge-coremods-21.9.16-beta.jar" [parent: neoforge-21.9.16-beta-minecraft-merged-1.21.9-loom.mappings.1_21_9.layered+hash.40359-v2-neoforge-21.9.16-beta.jar, locator: jarinjar, reader: mod manifest]
[17:32:31] [ForkJoinPool.commonPool-worker-2/INFO] (ModDiscoverer) 
     Mod List:
		Name Version (Mod Id)

		FNAF-Jumpscare 1.3.7 (fnafmod)
		generated_879f57b 1 (generated_879f57b)
		Minecraft 1.21.9 (minecraft)
		NeoForge 21.9.16-beta (neoforge)
[17:32:31] [main/INFO] (mixin) SpongePowered MIXIN Subsystem Version=0.8.7 Source=file:/C:/Users/leevo/.gradle/caches/modules-2/files-2.1/net.fabricmc/sponge-mixin/0.16.4+mixin.0.8.7/26d01f0567ab46e9ca0d2ed89d0ecc11aadbd433/sponge-mixin-0.16.4+mixin.0.8.7.jar Service=FML Env=CLIENT
[17:32:31] [main/INFO] (FMLLoader) Loading FML Plugins:
[17:32:31] [main/INFO] (FMLLoader)  - .cache/jij/51629231fe2baaddd60d570ef06ada2b2f1fe8a34133e63afdd748b9ef93f9f1/net.neoforged.neoforge-coremods-21.9.16-beta.jar
[17:32:31] [main/INFO] (unprotect) Initializing Unprotect using FancyModLoader backend, target: Minecraft and loader classes (minecraft+forge)
[17:32:32] [main/INFO] (FMLLoader) Building game content classloader:
 - fnafmod (composite(folder(D:\FNAF-Jumpscare\neoforge\build\resources\main), folder(D:\FNAF-Jumpscare\neoforge\build\classes\java\main)))
 - generated_879f57b (jar(C:\Users\leevo\AppData\Local\Temp\3236993668634809581.jar))
 - minecraft (composite(jar(C:\Users\leevo\.gradle\caches\fabric-loom\1.21.9\neoforge\21.9.16-beta\client-extra.jar), filtered(jar(C:\Users\leevo\.gradle\caches\fabric-loom\minecraftMaven\net\minecraft\neoforge-21.9.16-beta-minecraft-merged\1.21.9-loom.mappings.1_21_9.layered+hash.40359-v2-neoforge-21.9.16-beta\neoforge-21.9.16-beta-minecraft-merged-1.21.9-loom.mappings.1_21_9.layered+hash.40359-v2-neoforge-21.9.16-beta.jar))))
 - mixinextras.neoforge (jar(C:\Users\leevo\.gradle\caches\modules-2\files-2.1\io.github.llamalad7\mixinextras-neoforge\0.5.0\d734b83ce6542bb70ea31755c1595b88992dbe65\mixinextras-neoforge-0.5.0.jar))
 - neoforge (composite(filtered(jar(C:\Users\leevo\.gradle\caches\fabric-loom\minecraftMaven\net\minecraft\neoforge-21.9.16-beta-minecraft-merged\1.21.9-loom.mappings.1_21_9.layered+hash.40359-v2-neoforge-21.9.16-beta\neoforge-21.9.16-beta-minecraft-merged-1.21.9-loom.mappings.1_21_9.layered+hash.40359-v2-neoforge-21.9.16-beta.jar))))
 - net.neoforged.fml.generated (empty(VirtualJar\net.neoforged.fml.generated))
[17:32:32] [main/INFO] (FMLLoader) Built game content classloader in 154ms
[17:32:32] [main/WARN] (MixinFacade) Mod file Jar[D:\FNAF-Jumpscare\neoforge\build\resources\main] declares mixin config fnafmod.mixins.json, but it actually comes from Jar[C:\Users\leevo\AppData\Local\Temp\3236993668634809581.jar]
[17:32:32] [main/INFO] (unprotect) Found 9922 Minecraft classes
[17:32:33] [Datafixer Bootstrap/INFO] (Minecraft) 281 Datafixer optimizations took 578 milliseconds
[17:32:33] [main/WARN] (PerfmonDisabled) Invalid registry value type detected for PerfOS counters. Should be REG_DWORD. Ignoring: HKEY_LOCAL_MACHINE\SYSTEM\CurrentControlSet\Services\PerfOS\Performance\Disable Performance Counters.
[17:32:33] [pool-12-thread-1/INFO] (MixinExtras|Service) Initializing MixinExtras via com.llamalad7.mixinextras.service.MixinExtrasServiceImpl(version=0.5.0).
[17:32:39] [main/WARN] (Minecraft) Ambiguity between arguments [teleport, location] and [teleport, destination] with inputs: [0.1 -0.5 .9, 0 0 0]
[17:32:39] [main/WARN] (Minecraft) Ambiguity between arguments [teleport, location] and [teleport, targets] with inputs: [0.1 -0.5 .9, 0 0 0]
[17:32:39] [main/WARN] (Minecraft) Ambiguity between arguments [teleport, destination] and [teleport, targets] with inputs: [Player, 0123, @e, dd12be42-52a9-4a91-a8a1-11c01849e498]
[17:32:39] [main/WARN] (Minecraft) Ambiguity between arguments [teleport, targets] and [teleport, destination] with inputs: [Player, 0123, dd12be42-52a9-4a91-a8a1-11c01849e498]
[17:32:39] [main/WARN] (Minecraft) Ambiguity between arguments [teleport, targets, location] and [teleport, targets, destination] with inputs: [0.1 -0.5 .9, 0 0 0]
[17:32:39] [main/WARN] (Minecraft) Ambiguity between arguments [waypoint, modify, waypoint, color, reset] and [waypoint, modify, waypoint, color, color] with inputs: [reset]
[17:32:39] [modloading-worker-0/INFO] (NeoForgeMod) NeoForge mod loading, version 21.9.16-beta, for MC 1.21.9
[17:32:39] [Render thread/INFO] (Minecraft) Environment: Environment[sessionHost=https://sessionserver.mojang.com, servicesHost=https://api.minecraftservices.com, profilesHost=https://api.mojang.com, name=PROD]
[17:32:39] [Render thread/INFO] (Minecraft) Setting user: Dev
[17:32:40] [Render thread/INFO] (Minecraft) Backend library: LWJGL version 3.3.3+5
[17:32:40] [Render thread/INFO] (Minecraft) Using optional rendering extensions: GL_ARB_buffer_storage, GL_KHR_debug, GL_ARB_vertex_attrib_binding, GL_ARB_direct_state_access
[17:32:40] [Download-2/ERROR] (Minecraft) Failed to fetch user properties
com.mojang.authlib.exceptions.InvalidCredentialsException: Status: 401
	at com.mojang.authlib.exceptions.MinecraftClientHttpException.toAuthenticationException(MinecraftClientHttpException.java:59) ~[authlib-7.0.61.jar:?]
	at com.mojang.authlib.yggdrasil.YggdrasilUserApiService.fetchProperties(YggdrasilUserApiService.java:150) ~[authlib-7.0.61.jar:?]
	at TRANSFORMER/minecraft@1.21.9/net.minecraft.client.Minecraft.method_55608(Minecraft.java:437) ~[client-extra.jar:?]
	at java.base/java.util.concurrent.CompletableFuture$AsyncSupply.run(CompletableFuture.java:1768) ~[?:?]
	at java.base/java.util.concurrent.ThreadPoolExecutor.runWorker(ThreadPoolExecutor.java:1144) ~[?:?]
	at java.base/java.util.concurrent.ThreadPoolExecutor$Worker.run(ThreadPoolExecutor.java:642) ~[?:?]
	at java.base/java.lang.Thread.run(Thread.java:1583) [?:?]
Caused by: com.mojang.authlib.exceptions.MinecraftClientHttpException: Status: 401
	at com.mojang.authlib.minecraft.client.MinecraftClient.readInputStream(MinecraftClient.java:103) ~[authlib-7.0.61.jar:?]
	at com.mojang.authlib.minecraft.client.MinecraftClient.get(MinecraftClient.java:56) ~[authlib-7.0.61.jar:?]
	at com.mojang.authlib.yggdrasil.YggdrasilUserApiService.fetchProperties(YggdrasilUserApiService.java:121) ~[authlib-7.0.61.jar:?]
	... 5 more
[17:32:41] [Download-2/INFO] (Minecraft) Could not authorize you against Realms server: java.lang.RuntimeException: Failed to parse into SignedJWT: 0
[17:32:41] [Download-2/ERROR] (Minecraft) Failed to fetch Realms feature flags
com.mojang.realmsclient.exception.RealmsServiceException: Realms authentication error with message 'java.lang.RuntimeException: Failed to parse into SignedJWT: 0'
	at TRANSFORMER/minecraft@1.21.9/com.mojang.realmsclient.client.RealmsClient.execute(RealmsClient.java:522) ~[client-extra.jar:?]
	at TRANSFORMER/minecraft@1.21.9/com.mojang.realmsclient.client.RealmsClient.fetchFeatureFlags(RealmsClient.java:163) ~[client-extra.jar:?]
	at java.base/java.util.concurrent.CompletableFuture$AsyncSupply.run(CompletableFuture.java:1768) ~[?:?]
	at java.base/java.util.concurrent.ThreadPoolExecutor.runWorker(ThreadPoolExecutor.java:1144) ~[?:?]
	at java.base/java.util.concurrent.ThreadPoolExecutor$Worker.run(ThreadPoolExecutor.java:642) ~[?:?]
	at java.base/java.lang.Thread.run(Thread.java:1583) [?:?]
[17:32:41] [Render thread/INFO] (Minecraft) Reloading ResourceManager: vanilla, mod_resources, mod/generated_879f57b, mod/fnafmod, mod/neoforge
[17:32:41] [resourceLoad/INFO] (Minecraft) Found unifont_pua-16.0.03.hex, loading
[17:32:41] [resourceLoad/INFO] (Minecraft) Found unifont_all_no_pua-16.0.03.hex, loading
[17:32:41] [resourceLoad/INFO] (Minecraft) Found unifont_jp_patch-16.0.03.hex, loading
[17:32:42] [Render thread/INFO] (Minecraft) OpenAL initialized on device OpenAL Soft on Speakers (SteelSeries Arctis 9X Headset)
[17:32:42] [Render thread/INFO] (Minecraft) Sound engine started
[17:32:42] [Render thread/INFO] (Minecraft) Created: 512x256x0 minecraft:textures/atlas/particles.png-atlas
[17:32:42] [Render thread/INFO] (Minecraft) Created: 128x64x0 minecraft:textures/atlas/decorated_pot.png-atlas
[17:32:42] [Render thread/INFO] (Minecraft) Created: 2048x1024x0 minecraft:textures/atlas/armor_trims.png-atlas
[17:32:42] [Render thread/INFO] (Minecraft) Created: 512x256x0 minecraft:textures/atlas/paintings.png-atlas
[17:32:42] [Render thread/INFO] (Minecraft) Created: 512x512x0 minecraft:textures/atlas/shield_patterns.png-atlas
[17:32:42] [Render thread/INFO] (Minecraft) Created: 1024x512x4 minecraft:textures/atlas/blocks.png-atlas
[17:32:42] [Render thread/INFO] (Minecraft) Created: 512x256x0 minecraft:textures/atlas/chest.png-atlas
[17:32:42] [Render thread/INFO] (Minecraft) Created: 512x512x0 minecraft:textures/atlas/banner_patterns.png-atlas
[17:32:42] [Render thread/INFO] (Minecraft) Created: 512x256x0 minecraft:textures/atlas/beds.png-atlas
[17:32:42] [Render thread/INFO] (Minecraft) Created: 1024x512x0 minecraft:textures/atlas/gui.png-atlas
[17:32:42] [Render thread/INFO] (Minecraft) Created: 64x64x0 minecraft:textures/atlas/map_decorations.png-atlas
[17:32:42] [Render thread/INFO] (Minecraft) Created: 256x256x0 minecraft:textures/atlas/signs.png-atlas
[17:32:42] [Render thread/INFO] (Minecraft) Created: 512x256x0 minecraft:textures/atlas/shulker_boxes.png-atlas
[17:32:42] [Render thread/INFO] (AnimationLoader) Loaded 0 entity animations
[17:32:42] [Render thread/ERROR] (ClassTransformStatistics) Class processor unprotect:processor transformed 85.02% of loaded class which is suspiciously high; it may be attempting mass-ASM. Please report this to the mod author.
[17:32:42] [IO-Worker-1/INFO] (Minecraft) Could not authorize you against Realms server: java.lang.RuntimeException: Failed to parse into SignedJWT: 0
[17:32:42] [IO-Worker-1/ERROR] (Minecraft) Couldn't connect to realms
com.mojang.realmsclient.exception.RealmsServiceException: Realms authentication error with message 'java.lang.RuntimeException: Failed to parse into SignedJWT: 0'
	at TRANSFORMER/minecraft@1.21.9/com.mojang.realmsclient.client.RealmsClient.execute(RealmsClient.java:522) ~[client-extra.jar:?]
	at TRANSFORMER/minecraft@1.21.9/com.mojang.realmsclient.client.RealmsClient.clientCompatible(RealmsClient.java:292) ~[client-extra.jar:?]
	at TRANSFORMER/minecraft@1.21.9/com.mojang.realmsclient.RealmsAvailability.method_52627(RealmsAvailability.java:51) ~[client-extra.jar:?]
	at java.base/java.util.concurrent.CompletableFuture$AsyncSupply.run(CompletableFuture.java:1768) ~[?:?]
	at java.base/java.util.concurrent.ThreadPoolExecutor.runWorker(ThreadPoolExecutor.java:1144) ~[?:?]
	at java.base/java.util.concurrent.ThreadPoolExecutor$Worker.run(ThreadPoolExecutor.java:642) ~[?:?]
	at java.base/java.lang.Thread.run(Thread.java:1583) [?:?]
[17:32:46] [Render thread/INFO] (Minecraft) Resizing Dynamic Transforms UBO, capacity limit of 2 reached during a single frame. New capacity will be 4.
[17:32:46] [Render thread/WARN] (Minecraft) Missing data pack tests
[17:32:48] [Render thread/INFO] (Minecraft) Loaded 1461 recipes
[17:32:48] [Render thread/INFO] (Minecraft) Loaded 1574 advancements
[17:32:48] [Render thread/INFO] (RecipePriorityManager) Loaded 0 recipe priority overrides
[17:32:49] [Server thread/INFO] (Minecraft) Starting integrated minecraft server version 1.21.9
[17:32:49] [Server thread/INFO] (Minecraft) Generating keypair
[17:32:50] [Server thread/INFO] (Minecraft) Selecting global world spawn...
[17:32:50] [Server thread/INFO] (Minecraft) Loading 0 persistent chunks...
[17:32:50] [Server thread/INFO] (Minecraft) Preparing spawn area: 16%
[17:32:50] [Server thread/INFO] (PermissionAPI) Successfully initialized permission handler neoforge:default_handler
[17:32:51] [Server thread/INFO] (Minecraft) Loading 47 chunks for player spawn...
[17:32:51] [Server thread/INFO] (Minecraft) Preparing spawn area: 16%
[17:32:51] [Server thread/INFO] (Minecraft) Preparing spawn area: 16%
[17:32:51] [Server thread/INFO] (Minecraft) Preparing spawn area: 29%
[17:32:51] [Server thread/INFO] (Minecraft) Time elapsed: 1758 ms
[17:32:52] [Server thread/INFO] (Minecraft) Dev[local:E:b73b2820] logged in with entity id 1 at (-0.5, 56.0, 1.5)
[17:32:52] [Server thread/INFO] (Minecraft) Dev joined the game
[17:32:52] [Render thread/INFO] (Minecraft) Resizing Dynamic Transforms UBO, capacity limit of 4 reached during a single frame. New capacity will be 8.
[17:32:52] [Server thread/INFO] (Minecraft) Changing view distance to 6, from 10
[17:32:52] [Server thread/INFO] (Minecraft) Changing simulation distance to 6, from 0
[17:32:52] [Render thread/INFO] (Minecraft) Loaded 2 advancements
[17:32:52] [Render thread/INFO] (Minecraft) Resizing Dynamic Transforms UBO, capacity limit of 8 reached during a single frame. New capacity will be 16.
[17:32:52] [Render thread/INFO] (Minecraft) Resizing Dynamic Transforms UBO, capacity limit of 16 reached during a single frame. New capacity will be 32.
[17:32:53] [Render thread/INFO] (Minecraft) Resizing Dynamic Transforms UBO, capacity limit of 32 reached during a single frame. New capacity will be 64.
[17:32:53] [Render thread/INFO] (Minecraft) Resizing Dynamic Transforms UBO, capacity limit of 64 reached during a single frame. New capacity will be 128.
[17:33:06] [Render thread/ERROR] (ClassTransformStatistics) Class processor unprotect:processor transformed 86.03% of loaded class which is suspiciously high; it may be attempting mass-ASM. Please report this to the mod author.
[17:33:06] [Render thread/INFO] (Minecraft) Stopping!
[17:33:06] [Server thread/INFO] (Minecraft) Dev lost connection: Disconnected
[17:33:06] [Server thread/INFO] (Minecraft) Dev left the game
[17:33:06] [Server thread/INFO] (Minecraft) Stopping singleplayer server as player logged out
[17:33:06] [Server thread/INFO] (Minecraft) Stopping server
[17:33:06] [Server thread/INFO] (Minecraft) Saving players
[17:33:06] [Server thread/INFO] (Minecraft) Saving worlds
[17:33:11] [Server thread/INFO] (Minecraft) Saving chunks for level 'ServerLevel[New World]'/minecraft:overworld
[17:33:11] [Server thread/INFO] (Minecraft) Saving chunks for level 'ServerLevel[New World]'/minecraft:the_nether
[17:33:11] [Server thread/INFO] (Minecraft) Saving chunks for level 'ServerLevel[New World]'/minecraft:the_end
[17:33:11] [Server thread/INFO] (Minecraft) ThreadedAnvilChunkStorage (New World (3)): All chunks are saved
[17:33:11] [Server thread/INFO] (Minecraft) ThreadedAnvilChunkStorage (DIM-1): All chunks are saved
[17:33:11] [Server thread/INFO] (Minecraft) ThreadedAnvilChunkStorage (DIM1): All chunks are saved
[17:33:11] [Server thread/INFO] (Minecraft) ThreadedAnvilChunkStorage: All dimensions are saved
